// Jest Snapshot v1, https://goo.gl/fbAQLP

exports[`sdkClient should return response 1`] = `
Batch {
  "lookups": [
    InputAddress {
      "addressee": undefined,
      "city": "Columbus",
      "inputId": undefined,
      "lastLine": undefined,
      "match": undefined,
      "maxCandidates": undefined,
      "result": [
        Candidate {
          "addressee": undefined,
          "analysis": {
            "active": "Y",
            "cmra": "N",
            "dpvFootnotes": "AAN1",
            "dpvMatchCode": "D",
            "enhancedMatch": undefined,
            "footnotes": "H#M#",
            "isEwsMatch": undefined,
            "isSuiteLinkMatch": undefined,
            "lacsLinkCode": undefined,
            "lacsLinkIndicator": undefined,
            "noStat": "Y",
            "vacant": "N",
          },
          "candidateIndex": 0,
          "components": {
            "cityName": "Columbus",
            "defaultCityName": "Columbus",
            "deliveryPoint": "99",
            "deliveryPointCheckDigit": "2",
            "extraSecondaryDesignator": undefined,
            "extraSecondaryNumber": undefined,
            "plus4Code": "5370",
            "pmbDesignator": undefined,
            "pmbNumber": undefined,
            "primaryNumber": "143",
            "secondaryDesignator": undefined,
            "secondaryNumber": undefined,
            "state": "OH",
            "streetName": "Main",
            "streetPostdirection": undefined,
            "streetPredirection": "E",
            "streetSuffix": "St",
            "urbanization": undefined,
            "zipCode": "43215",
          },
          "deliveryLine1": "143 E Main St",
          "deliveryLine2": undefined,
          "deliveryPointBarcode": "432155370992",
          "inputIndex": 0,
          "lastLine": "Columbus OH 43215-5370",
          "metadata": {
            "buildingDefaultIndicator": "Y",
            "carrierRoute": "C023",
            "congressionalDistrict": "03",
            "coordinateLicense": "SmartyStreets",
            "countyFips": "39049",
            "countyName": "Franklin",
            "elotSequence": "0237",
            "elotSort": "A",
            "isEwsMatch": undefined,
            "latitude": 39.9567,
            "longitude": -82.99384,
            "obeysDst": true,
            "precision": "Zip9",
            "rdi": "Commercial",
            "recordType": "H",
            "timeZone": "Eastern",
            "utcOffset": -5,
            "zipType": "Standard",
          },
          "smartyKey": undefined,
        },
      ],
      "secondary": undefined,
      "state": undefined,
      "street": "143 e Maine Street",
      "street2": undefined,
      "urbanization": undefined,
      "zipCode": "43215",
    },
  ],
}
`;
